06-07 16:57:44 com_github_MitjaNemec_PlaceFootprints.action_place_footprints 674:Plugin executed on: 'win32'
06-07 16:57:44 com_github_MitjaNemec_PlaceFootprints.action_place_footprints 675:Plugin executed with python version: '3.11.5 (main, Sep 17 2025, 01:04:48) [MSC v.1944 64 bit (AMD64)]'
06-07 16:57:44 com_github_MitjaNemec_PlaceFootprints.action_place_footprints 676:KiCad build version: 9.0.6
06-07 16:57:44 com_github_MitjaNemec_PlaceFootprints.action_place_footprints 677:Plugin version: 4.0.1
06-07 16:57:44 com_github_MitjaNemec_PlaceFootprints.action_place_footprints 678:Frame repr: <wx._core.Frame object at 0x0000024FA273A200>
06-07 16:57:44 com_github_MitjaNemec_PlaceFootprints.place_footprints 121:getting a list of all footprints on board
06-07 16:57:44 com_github_MitjaNemec_PlaceFootprints.place_footprints 156:Footprint C1 on root level
06-07 16:57:44 com_github_MitjaNemec_PlaceFootprints.place_footprints 156:Footprint C2 on root level
06-07 16:57:44 com_github_MitjaNemec_PlaceFootprints.place_footprints 156:Footprint C3 on root level
06-07 16:57:44 com_github_MitjaNemec_PlaceFootprints.place_footprints 156:Footprint C4 on root level
06-07 16:57:44 com_github_MitjaNemec_PlaceFootprints.place_footprints 156:Footprint C5 on root level
06-07 16:57:44 com_github_MitjaNemec_PlaceFootprints.place_footprints 156:Footprint C6 on root level
06-07 16:57:44 com_github_MitjaNemec_PlaceFootprints.place_footprints 156:Footprint Q1 on root level
06-07 16:57:44 com_github_MitjaNemec_PlaceFootprints.place_footprints 156:Footprint U2 on root level
06-07 16:57:44 com_github_MitjaNemec_PlaceFootprints.place_footprints 156:Footprint U1 on root level
06-07 16:57:44 com_github_MitjaNemec_PlaceFootprints.action_place_footprints 717:Reference footprint='C6'
06-07 16:57:46 com_github_MitjaNemec_PlaceFootprints.action_place_footprints 858:Reference designator is: C
06-07 16:57:46 com_github_MitjaNemec_PlaceFootprints.action_place_footprints 859:Reference number is: 6
06-07 16:57:46 com_github_MitjaNemec_PlaceFootprints.action_place_footprints 891:Sorted and filtered list:
['C1', 'C2', 'C3', 'C4', 'C5', 'C6']
06-07 16:57:47 com_github_MitjaNemec_PlaceFootprints.action_place_footprints 376:wx.Colour(240, 240, 240, 255)
06-07 16:57:52 com_github_MitjaNemec_PlaceFootprints.action_place_footprints 507:'1.5'
06-07 16:57:52 com_github_MitjaNemec_PlaceFootprints.action_place_footprints 553:Preparing config for reference linear
06-07 16:57:52 com_github_MitjaNemec_PlaceFootprints.action_place_footprints 573:Saving config file
06-07 16:57:52 com_github_MitjaNemec_PlaceFootprints.action_place_footprints 575:Saved the config file
06-07 16:57:52 com_github_MitjaNemec_PlaceFootprints.action_place_footprints 929:Footprints to place:
['C4', 'C5', 'C6']
06-07 16:57:52 com_github_MitjaNemec_PlaceFootprints.place_footprints 396:Starting placing with linear layout
06-07 16:57:52 com_github_MitjaNemec_PlaceFootprints.action_place_footprints 970:Placing complete
